[dotenv@17.3.1] injecting env (6) from .env -- tip: ΓÜÖ∩╕Å  override existing env vars with { override: true }
--- STARTING FLOW TEST ---

1. Registering payload: Email=[ TESTSTUDENT2802@gmail.com ], Parent=[ PARENT2802@GMAIL.COM]
Registration Response Code: 201
Registration Response: Registration successful. Proceed to login to request OTP.

3. Requesting OTP for payload: Email=[teststudent2802@gmail.com]
OTP Route ResponseCode: 429
OTP Route ResponseMessage: Too many OTP requests from this IP, please try again after an hour
